Dump	check_hostname
Return	false
Return	false
Return	false
Return	false
Return	false
Return	false
Return	false
Dump	----------
Return	true
Return	true
Return	true
Return	true
Return	true
Return	true
Return	false
Return	true
Dump	check_fqhostname
Return	true
Return	true
Dump	check_domainname
Return	false
Return	false
Return	false
Return	false
Return	false
Return	false
Return	false
Return	false
Return	false
Dump	----------
Return	true
Return	true
Return	true
Return	true
Return	true
Return	true
Return	true
Return	true
Return	true
Dump	split_fqhostname
Return	["ftp", "suse.cz"]
Return	["123", "com"]
Return	["beholder"]
