Read	.target.tmpdir "/tmp"
Read	.probe.architecture nil
Read	.probe.has_apm nil
Read	.probe.has_pcmcia nil
Read	.probe.has_smp nil
Read	.probe.system []
Dump	Change(true)
Return	["eth0"]
Return	["eth1", "eth0"]
Log	device already present: eth0
Return	["eth0"]
Return	["eth0", "modem"]
Log	device already present: ppp1
Return	["modem"]
Dump	Change(false)
Log	device not found: eth0
Return	[]
Return	[]
Return	["eth1"]
Log	device not found: eth0
Return	["eth1"]
Log	device not found: ppp1
Return	["eth1"]
Return	["eth1"]
Return	[]
Dump	Query
Return	[]
Return	["eth0"]
Return	["eth1"]
Return	["modem"]
Return	["modem"]
Return	["eth0", "modem"]
Return	["eth0"]
Dump	Write
Write	.sysconfig.personal-firewall.REJECT_ALL_INCOMING_CONNECTIONS "eth0 ippp1" true
Write	.sysconfig.personal-firewall nil true
Read	.init.scripts.exists "network" true
Read	.init.scripts.exists "network" true
Read	.init.scripts.runlevel "network" nil
Read	.init.scripts.comment "network" nil
Execute	.target.bash_output "/sbin/insserv -d /etc/init.d/network" $["exit":0]
Read	.init.scripts.exists "SuSEfirewall2_init" true
Read	.init.scripts.exists "SuSEfirewall2_init" true
Read	.init.scripts.runlevel "SuSEfirewall2_init" nil
Read	.init.scripts.comment "SuSEfirewall2_init" nil
Execute	.target.bash_output "/sbin/insserv -d /etc/init.d/SuSEfirewall2_init" $["exit":0]
Read	.init.scripts.exists "SuSEfirewall2_setup" true
Read	.init.scripts.exists "SuSEfirewall2_setup" true
Read	.init.scripts.runlevel "SuSEfirewall2_setup" nil
Read	.init.scripts.comment "SuSEfirewall2_setup" nil
Execute	.target.bash_output "/sbin/insserv -d /etc/init.d/SuSEfirewall2_setup" $["exit":0]
Read	.init.scripts.exists "SuSEfirewall2_final" true
Read	.init.scripts.exists "SuSEfirewall2_final" true
Read	.init.scripts.runlevel "SuSEfirewall2_final" nil
Read	.init.scripts.comment "SuSEfirewall2_final" nil
Execute	.target.bash_output "/sbin/insserv -d /etc/init.d/SuSEfirewall2_final" $["exit":0]
Execute	.target.bash "/sbin/SuSEfirewall2 start" 0
Return	true
Write	.sysconfig.personal-firewall.REJECT_ALL_INCOMING_CONNECTIONS "ippp1" true
Write	.sysconfig.personal-firewall nil true
Read	.init.scripts.exists "network" true
Read	.init.scripts.exists "network" true
Read	.init.scripts.runlevel "network" nil
Read	.init.scripts.comment "network" nil
Execute	.target.bash_output "/sbin/insserv -d /etc/init.d/network" $["exit":0]
Read	.init.scripts.exists "SuSEfirewall2_init" true
Read	.init.scripts.exists "SuSEfirewall2_init" true
Read	.init.scripts.runlevel "SuSEfirewall2_init" nil
Read	.init.scripts.comment "SuSEfirewall2_init" nil
Execute	.target.bash_output "/sbin/insserv -d /etc/init.d/SuSEfirewall2_init" $["exit":0]
Read	.init.scripts.exists "SuSEfirewall2_setup" true
Read	.init.scripts.exists "SuSEfirewall2_setup" true
Read	.init.scripts.runlevel "SuSEfirewall2_setup" nil
Read	.init.scripts.comment "SuSEfirewall2_setup" nil
Execute	.target.bash_output "/sbin/insserv -d /etc/init.d/SuSEfirewall2_setup" $["exit":0]
Read	.init.scripts.exists "SuSEfirewall2_final" true
Read	.init.scripts.exists "SuSEfirewall2_final" true
Read	.init.scripts.runlevel "SuSEfirewall2_final" nil
Read	.init.scripts.comment "SuSEfirewall2_final" nil
Execute	.target.bash_output "/sbin/insserv -d /etc/init.d/SuSEfirewall2_final" $["exit":0]
Execute	.target.bash "/sbin/SuSEfirewall2 start" 0
Return	true
Dump	Read
Read	.target.size "/etc/sysconfig/personal-firewall" 1
Read	.sysconfig.personal-firewall.REJECT_ALL_INCOMING_CONNECTIONS "eth1 ippp0"
Return	true
Dump	Firewall::devices ["eth1", "ippp0"]
