Dir	.path.to.provider: []
Return	$["YaST2 Section":"provider"]
Dir	.path.to."provi der": []
Return	$["YaST2 Section":"provi der"]
