Dump	DeviceName
Return	
Return	hwmodel
Return	hwvendor hwdevice
