Read	.probe.architecture nil
Read	.probe.has_apm nil
Read	.probe.has_pcmcia nil
Read	.probe.is_uml nil
Read	.probe.has_smp nil
Read	.probe.system []
Read	.target.size "/etc/install.inf" nil
Read	.etc.install_inf.Sourcemounted nil
Read	.etc.install_inf.AutoYaST nil
Read	.etc.install_inf.Repair nil
Read	.etc.install_inf.Textmode nil
Read	.etc.install_inf.Manual nil
Read	.target.string "/proc/cmdline" nil
Read	.etc.install_inf.Console nil
Read	.etc.install_inf.Braille nil
Read	.etc.install_inf.VNC nil
Read	.etc.install_inf.UseSSH nil
Read	.etc.install_inf.InstMode nil
Read	.target.tmpdir "/tmp"
Dump	Fastest
Dir	.network.section: ["dsl0", "eth0"]
Dir	.network.value."dsl0": ["DEVICE"]
Read	.network.value."dsl0".DEVICE "eth0"
Dir	.network.value."eth0": []
Return	true
Dump	dsl0
Dump	dsl
Dir	.network.section: ["dsl0", "eth0"]
Dir	.network.value."dsl0": []
Dir	.network.value."eth0": []
Return	true
Dump	dsl0
Dump	dsl
Dir	.network.section: ["eth1", "tr0"]
Dir	.network.value."eth1": []
Dir	.network.value."tr0": []
Return	true
Dump	eth1
Dump	netcard
Dir	.network.section: ["dsl0", "tr0"]
Dir	.network.value."dsl0": []
Dir	.network.value."tr0": []
Return	true
Dump	dsl0
Dump	dsl
Dir	.network.section: ["dsl0", "ppp0"]
Dir	.network.value."dsl0": []
Dir	.network.value."ppp0": []
Return	true
Dump	dsl0
Dump	dsl
Dir	.network.section: ["ppp0", "tr1"]
Dir	.network.value."ppp0": []
Dir	.network.value."tr1": []
Return	true
Dump	ppp0
Dump	modem
Dir	.network.section: ["ppp0"]
Dir	.network.value."ppp0": []
Return	true
Dump	ppp0
Dump	modem
Dir	.network.section: ["ippp0", "tr1"]
Dir	.network.value."ippp0": []
Dir	.network.value."tr1": []
Return	true
Dump	ippp0
Dump	isdn
Dir	.network.section: ["ippp0", "ppp0"]
Dir	.network.value."ippp0": []
Dir	.network.value."ppp0": []
Return	true
Dump	ippp0
Dump	isdn
Dir	.network.section: []
Return	false
Dump	
Dump	
