Dump	check_ip4
Return	false
Return	false
Return	false
Return	false
Return	false
Return	false
Return	false
Return	false
Return	false
Return	true
Return	true
Return	true
Return	true
Return	true
Return	true
Return	true
Return	true
Return	true
Dump	check_ip6
Return	false
Return	false
Return	false
Return	true
Return	true
Return	true
Return	true
Return	true
Return	true
Return	true
Return	true
Return	true
Return	true
Return	true
Return	true
Return	true
Return	true
Return	true
Return	true
Return	true
Return	true
Return	true
Return	true
Return	true
Return	false
Return	false
Return	false
Return	false
Return	false
Dump	check_netmask4
Return	true
Return	true
Return	true
Return	true
Return	true
Return	true
Return	true
Return	true
Return	true
Return	true
Return	true
Return	true
Return	true
Return	true
Return	true
Return	true
Return	true
Return	true
Return	true
Return	true
Return	true
Return	true
Return	true
Return	true
Return	true
Return	true
Return	true
Return	true
Return	true
Return	true
Return	true
Return	true
Return	false
Return	false
Return	false
Return	false
Return	false
Return	false
Return	true
Return	true
Return	true
Dump	check_netmask6
Return	false
Return	false
Return	false
Return	true
Dump	ip2integer
Return	0
Return	2130706433
Return	3232263703
Return	169083165
Dump	ip2string
Return	0.0.0.0
Return	127.0.0.1
Return	192.168.110.23
Return	10.20.1.29
Dump	ip2hex
Return	0
Return	C0A80101
Return	FFFFFFFF
Dump	compute_network
Return	127.0.0.0
Return	192.168.110.0
Return	10.20.0.0
Dump	compute_broadcast
Return	127.255.255.255
Return	192.168.110.255
Return	10.20.15.255
Dump	netmask2bits
Return	32
Return	28
Return	27
Return	24
Return	20
Return	12
Return	4
Return	0
Dump	bits2netmask
Return	255.255.255.255
Return	255.255.255.224
Return	255.255.255.240
Return	255.255.255.0
Return	255.255.240.0
Return	255.240.0.0
Return	240.0.0.0
Return	0.0.0.0
