Read	.target.size "/etc/install.inf" 1
Read	.etc.install_inf.Sourcemounted nil
Read	.etc.install_inf.AutoYaST nil
Read	.etc.install_inf.Repair nil
Read	.etc.install_inf.Demo nil
Read	.etc.install_inf.Textmode nil
Read	.etc.install_inf.Manual nil
Read	.target.string "/proc/cmdline" nil
Read	.etc.install_inf.Console nil
Read	.etc.install_inf.Braille nil
Read	.etc.install_inf.VNC nil
Read	.etc.install_inf.UseSSH nil
Read	.etc.install_inf.InstMode nil
Read	.target.tmpdir "/tmp"
Read	.probe.architecture nil
Read	.probe.has_apm nil
Read	.probe.has_pcmcia nil
Read	.probe.is_uml nil
Read	.probe.has_smp nil
Read	.probe.system []
Dump	Read
Read	.sysconfig.proxy.HTTP_PROXY "h"
Read	.sysconfig.proxy.FTP_PROXY "f"
Read	.sysconfig.proxy.NO_PROXY nil
Read	.sysconfig.proxy.PROXY_ENABLED nil
Read	.target.size "/root/.curlrc" 1
Read	.root.curlrc.proxy-user "user:pass"
Return	true
Dump	Write
Dump	Import
Dump	Export
Return	$["enabled":true, "ftp_proxy":"f", "http_proxy":"h", "no_proxy":"", "proxy_password":"pass", "proxy_user":"user"]
