Dump	mapkeys
Return	[]
Return	[]
Return	[1]
Return	["2"]
Return	[`x]
Return	[1, 3]
Dump	mapvalues
Return	[]
Return	[]
Return	[2]
Return	[3]
Return	[4]
Return	[2, 4]
Dump	mapvalue
Return	nil
Return	nil
Return	nil
Return	2
Return	nil
Return	nil
Return	3
Return	4
Return	nil
Return	nil
Return	2
Return	nil
Return	nil
Dump	mapcheckkeys
Return	false
Log	Missing key: 1
Return	false
Log	Missing key: nil
Return	false
Return	true
Log	Missing key: 2
Return	false
Log	Missing key: 1
Return	false
Return	true
Return	true
Log	Missing key: `y
Return	false
Log	Missing key: 1
Return	false
Return	true
Return	true
Return	true
Log	Missing key: 2
Return	false
Log	Missing key: 4
Log	Missing key: 5
Return	false
Log	Missing key: 2
Return	false
Log	Missing key: `x
Return	false
Dump	list2items
Return	[`item (`id (0), "x", true), `item (`id (1), "y", false)]
Dump	hwlist2items
Return	[`item (`id (0), "x", true), `item (`id (1), "y", false)]
Dump	device_type
Return	eth
Return	eth
Return	eth-pcmcia-
Return	eth-usb-
Return	tr-pcmcia-
Return	ippp
Return	ppp
Return	lo
Return	eth
Return	eth
Return	eth-pcmcia-
Return	eth-usb-
Return	tr-pcmcia-
Return	ippp
Return	ppp
Return	lo
Dump	device_num
Return	0
Return	1
Return	0
Return	1
Return	2
Return	2
Return	2
Return	0
Return	1
Return	0
Return	1
Return	2
Return	2
Return	2
Return	1
Return	
Dump	alias_num
Return	1
Return	20
Return	3
Return	0
Return	432
Return	2
Return	2
Return	1
Dump	device_name
Return	eth0
Return	eth1
Return	eth-pcmcia-0
Return	tr-pcmcia-1
Return	ippp2
Return	ppp2
Return	lo
Dump	alias_name
Return	eth0:5
Return	eth1:4
Return	eth-pcmcia-0:1
Return	tr-pcmcia-1:1
Return	ippp2:0
Return	ppp2:0
Return	lo:7
Dump	quote
Return	
Return	
Return	a
Return	a'\''b
Return	a'\''b'\''c
Dump	unquote
Return	
Return	
Return	a
Return	a'b
Return	a'b'c
