Read	.target.tmpdir nil
Log	Failed to set temporary directory: nil
Dir	.network.section: []
Read	.target.stat "/sys/class/net/bond0/type" nil
Read	.target.string "/sys/class/net/bond0/type" "laptop.suse.cz"
Log	No such device: bond0
Read	.target.stat "/sys/class/net/bond0/type" nil
Read	.target.string "/sys/class/net/bond0/type" "laptop.suse.cz"
Read	.target.stat "/sys/class/net/bond0/type" nil
Read	.target.string "/sys/class/net/bond0/type" "laptop.suse.cz"
Write	.network.value."bond0".BONDING_MASTER "yes" true
Write	.network.value."bond0".BONDING_MODULE_OPTS "" true
Write	.network.value."bond0".BONDING_SLAVE0 "eth1" true
Write	.network.value."bond0".BONDING_SLAVE1 "eth2" true
Write	.network.value."bond0".BONDING_SLAVE2 "eth3" true
Write	.network.value."bond0".BOOTPROTO "static" true
Write	.network.value."bond0".IPADDR "4.3.2.1/24" true
Write	.network.value."bond0".STARTMODE "auto" true
Write	.network nil true
Execute	.target.bash_output " LANG=C TERM=dumb COLUMNS=1024 systemctl --no-legend --no-pager --no-ask-password show network.service  --property=Id  --property=MainPID  --property=Description  --property=LoadState  --property=ActiveState  --property=SubState  --property=UnitFileState  --property=FragmentPath " $["exit":0, "stderr":"", "stdout":"laptop.suse.cz"]
Execute	.target.bash_output " LANG=C TERM=dumb COLUMNS=1024 systemctl --no-legend --no-pager --no-ask-password stop network.service " $["exit":0, "stderr":"", "stdout":"laptop.suse.cz"]
Execute	.target.bash_output " LANG=C TERM=dumb COLUMNS=1024 systemctl --no-legend --no-pager --no-ask-password show network.service  --property=Id  --property=MainPID  --property=Description  --property=LoadState  --property=ActiveState  --property=SubState  --property=UnitFileState  --property=FragmentPath " $["exit":0, "stderr":"", "stdout":"laptop.suse.cz"]
Execute	.target.bash_output " LANG=C TERM=dumb COLUMNS=1024 systemctl --no-legend --no-pager --no-ask-password start network.service " $["exit":0, "stderr":"", "stdout":"laptop.suse.cz"]
Execute	.target.bash_output " LANG=C TERM=dumb COLUMNS=1024 systemctl --no-legend --no-pager --no-ask-password show network.service  --property=Id  --property=MainPID  --property=Description  --property=LoadState  --property=ActiveState  --property=SubState  --property=UnitFileState  --property=FragmentPath " $["exit":0, "stderr":"", "stdout":"laptop.suse.cz"]
